
> frontend@0.0.0 build
> vite build

[36mvite v8.0.0 [32mbuilding client environment for production...[36m[39m
[2K
transforming...Γ£ô 2851 modules transformed.
node.exe : 
[31mΓ£ù[39m Build 
failed in 1.19s
At line:1 char:1
+ & "C:\Program 
Files\nodejs/node.exe" 
"C:\Program 
Files\nodejs/node_mo 
...
+ ~~~~~~~~~~~~~~~~~~~~~
~~~~~~~~~~~~~~~~~~~~~~~
~~~~~~~~~~~~~~~~~~~~~~~
~~
    + CategoryInfo     
         : NotSpecifi  
  ed: ([31mΓ£ù[39m   
  Build failed in 1    
.19s:String) [], R    
emoteException
    + FullyQualifiedEr 
   rorId : NativeComm  
  andError
 
[31merror during 
build:
[31mBuild failed with 
2 errors:

[31m[builtin:vite-tran
sform] Error:[0m 
Expected `:` but found 
`Identifier`
     [38;5;246mΓò¡[0m
[38;5;246mΓöÇ[0m[38;
5;246m[[0m src/pages/M
arketPrices.jsx:274:51 
[38;5;246m][0m
     [38;5;246mΓöé[0m
 [38;5;246m274 
Γöé[0m [38;5;249m 
[0m[38;5;249m 
[0m[38;5;249m 
[0m[38;5;249m 
[0m[38;5;249m 
[0m[38;5;249m 
[0m[38;5;249m 
[0m[38;5;249m 
[0m[38;5;249m 
[0m[38;5;249m 
[0m[38;5;249m 
[0m[38;5;249m 
[0m[38;5;249m 
[0m[38;5;249m 
[0m[38;5;249m 
[0m[38;5;249m 
[0m[38;5;249m 
[0m[38;5;249m [0m[3
8;5;249m{[0m[38;5;249
ms[0m[38;5;249me[0m
[38;5;249ml[0m[38;5;2
49me[0m[38;5;249mc[0
m[38;5;249mt[0m[38;5
;249me[0m[38;5;249md
[0m[38;5;249mC[0m[38
;5;249mr[0m[38;5;249m
o[0m[38;5;249mp[0m[
38;5;249m.[0m[38;5;24
9mc[0m[38;5;249mh[0m
[38;5;249ma[0m[38;5;
249mn[0m[38;5;249mg[
0m[38;5;249me[0m[38;
5;249m [0m[38;5;249m>
[0m[38;5;249m [0m[3
8;5;249m3[0m[38;5;249
m [0m?[38;5;249m [0m
[38;5;249m'[0m[38;5;
249m{[0m[38;5;249mt[
0m[38;5;249m([0m[38;
5;249m'[0mmkt_nge[38;
5;249m.[0m[38;5;249mo
[0m[38;5;249mp[0m[3
8;5;249mt[0m[38;5;249
m_[0m[38;5;249ms[0m
[38;5;249me[0m[38;5;2
49ml[0m[38;5;249ml[0
m[38;5;249m'[0m[38;5
;249m)[0m[38;5;249m}
[0m[38;5;249m'[0m[38
;5;249m [0m[38;5;249m
:[0m[38;5;249m [0m[
38;5;249m'[0m[38;5;24
9m{[0m[38;5;249mt[0m
[38;5;249m([0m[38;5;
249m'[0m[38;5;249mm[
0m[38;5;249mk[0m[38;
5;249mt[0m[38;5;249m_
[0m[38;5;249mn[0m[3
8;5;249mg[0m[38;5;249
me[0m[38;5;249m.[0m
[38;5;249mh[0m[38;5;2
49mo[0m[38;5;249ml[0
m[38;5;249md[0m[38;5
;249m'[0m[38;5;249m)
[0m[38;5;249m}[0m[38
;5;249m'[0m[38;5;249m
}[0m
 [38;5;240m    
Γöé[0m                
                       
     Γö¼      
ΓöÇΓöÇΓöÇΓö¼ΓöÇΓöÇΓöÇ  
 [38;5;240m    
Γöé[0m                
                       
     Γò░ΓöÇΓöÇΓöÇΓöÇΓöÇ
ΓöÇΓöÇΓöÇΓöÇΓöÇΓöÇΓöÇΓö
ÇΓöÇΓöÇ Conditional 
starts here
 [38;5;240m    
Γöé[0m                
                       
               Γöé     
 [38;5;240m    
Γöé[0m                
                       
               
Γò░ΓöÇΓöÇΓöÇΓöÇΓöÇ `:` 
expected
[38;5;246mΓöÇΓöÇΓöÇΓöÇ
ΓöÇΓò»[0m

[31m[builtin:vite-tran
sform] Error:[0m 
Expected `}` but found 
`Identifier`
     [38;5;246mΓò¡[0m
[38;5;246mΓöÇ[0m[38;
5;246m[[0m src/pages/G
overnmentSchemes.jsx:32
0:36 [38;5;246m][0m
     [38;5;246mΓöé[0m
 [38;5;246m320 
Γöé[0m [38;5;249m 
[0m[38;5;249m 
[0m[38;5;249m 
[0m[38;5;249m 
[0m[38;5;249m 
[0m[38;5;249m 
[0m[38;5;249m 
[0m[38;5;249m 
[0m[38;5;249m 
[0m[38;5;249m [0m[3
8;5;249m{[0m[38;5;249
ms[0m[38;5;249mh[0m
[38;5;249mo[0m[38;5;2
49mw[0m[38;5;249mB[0
m[38;5;249mo[0m[38;5
;249mo[0m[38;5;249mk
[0m[38;5;249mm[0m[38
;5;249ma[0m[38;5;249m
r[0m[38;5;249mk[0m[
38;5;249me[0m[38;5;24
9md[0m[38;5;249m [0m
[38;5;249m&[0m[38;5;
249m&[0m[38;5;249m [
0m[38;5;249m'[0m[38;
5;249m [0m[38;5;249m{
[0m[38;5;249mt[0m[3
8;5;249m([0m[38;5;249
m'[0mgov_nge[38;5;249
m.[0m[38;5;249ms[0m
[38;5;249mh[0m[38;5;2
49mo[0m[38;5;249mw[0
m[38;5;249m_[0m[38;5
;249mb[0m[38;5;249mm
[0m[38;5;249m'[0m[38
;5;249m)[0m[38;5;249m
}[0m[38;5;249m'[0m[
38;5;249m}[0m
 [38;5;240m    
Γöé[0m                
                    
ΓöÇΓöÇΓöÇΓö¼ΓöÇΓöÇΓöÇ  
 [38;5;240m    
Γöé[0m                
                       
Γò░ΓöÇΓöÇΓöÇΓöÇΓöÇ `}` 
expected
[38;5;246mΓöÇΓöÇΓöÇΓöÇ
ΓöÇΓò»[0m
[31m
    at aggregateBinding
ErrorsIntoJsError (file
:///C:/Users/archi/OneD
rive/Desktop/AI%20PROJE
CT/croprecomd%20ver2/fr
ontend/node_modules/rol
ldown/dist/shared/error
-CP8smW_P.mjs:48:18)
    at 
unwrapBindingResult (fi
le:///C:/Users/archi/On
eDrive/Desktop/AI%20PRO
JECT/croprecomd%20ver2/
frontend/node_modules/r
olldown/dist/shared/err
or-CP8smW_P.mjs:18:128)
    at #build (file:///
C:/Users/archi/OneDrive
/Desktop/AI%20PROJECT/c
roprecomd%20ver2/fronte
nd/node_modules/rolldow
n/dist/shared/rolldown-
build-4YnQkA76.mjs:3311
:34)
    at async 
buildEnvironment (file:
///C:/Users/archi/OneDr
ive/Desktop/AI%20PROJEC
T/croprecomd%20ver2/fro
ntend/node_modules/vite
/dist/node/chunks/node.
js:32794:64)
    at async 
Object.build (file:///C
:/Users/archi/OneDrive/
Desktop/AI%20PROJECT/cr
oprecomd%20ver2/fronten
d/node_modules/vite/dis
t/node/chunks/node.js:3
3216:19)
    at async 
Object.buildApp (file:/
//C:/Users/archi/OneDri
ve/Desktop/AI%20PROJECT
/croprecomd%20ver2/fron
tend/node_modules/vite/
dist/node/chunks/node.j
s:33213:153)
    at async 
CAC.<anonymous> (file:/
//C:/Users/archi/OneDri
ve/Desktop/AI%20PROJECT
/croprecomd%20ver2/fron
tend/node_modules/vite/
dist/node/cli.js:778:3)
 {
  errors: 
[Getter/Setter]
}[39m
